<?xml version='1.0' encoding='utf-8'?>
<testsuites><testsuite name="TestEZ" tests="10" failures="1"><testcase classname="Unknown.Tests.Integration.EventTests.Events" name="Ensures event Fountain of Youth is working" /><testcase classname="Unknown.Tests.Integration.EventTests.Events" name="Ensures event A Place of Prayer is working" /><testcase classname="Unknown.Tests.Integration.EventTests.Events" name="Ensures event A Rock and a Hard Place is working" /><testcase classname="Unknown.Tests.Integration.EventTests.Events" name="Is an example failing test"><failure message="nil" /></testcase><testcase classname="Unknown.Tests.Integration.InstanceChecker.Instances" name="Confirms that GameInstance is initialized correctly" /><testcase classname="Unknown.Tests.Integration.InstanceChecker.Instances" name="Confirms ChestInstance is initalized correctly" /><testcase classname="Unknown.Tests.Integration.InstanceChecker.Instances" name="Confirms ShopInstance is initalized correctly" /><testcase classname="Unknown.Tests.Integration.InstanceChecker.Instances" name="Confirms RestInstance is initalized correctly" /><testcase classname="Unknown.Tests.Integration.InstanceChecker.Instances" name="Confirms EventInstance is initalized correctly" /><testcase classname="Unknown.Tests.Test" name="adds numbers" /></testsuite></testsuites>